C:/TouchGFXProjects/Chunithm2.0/Drivers/STM32F4xx_HAL_Driver/Src/stm32f4xx_ll_fmc.c:239:20:FMC_NORSRAM_Init	20	static
C:/TouchGFXProjects/Chunithm2.0/Drivers/STM32F4xx_HAL_Driver/Src/stm32f4xx_ll_fmc.c:361:19:FMC_NORSRAM_DeInit	8	static
C:/TouchGFXProjects/Chunithm2.0/Drivers/STM32F4xx_HAL_Driver/Src/stm32f4xx_ll_fmc.c:398:19:FMC_NORSRAM_Timing_Init	20	static
C:/TouchGFXProjects/Chunithm2.0/Drivers/STM32F4xx_HAL_Driver/Src/stm32f4xx_ll_fmc.c:450:19:FMC_NORSRAM_Extended_Timing_Init	12	static
C:/TouchGFXProjects/Chunithm2.0/Drivers/STM32F4xx_HAL_Driver/Src/stm32f4xx_ll_fmc.c:508:19:FMC_NORSRAM_WriteOperation_Enable	0	static
C:/TouchGFXProjects/Chunithm2.0/Drivers/STM32F4xx_HAL_Driver/Src/stm32f4xx_ll_fmc.c:526:19:FMC_NORSRAM_WriteOperation_Disable	0	static
C:/TouchGFXProjects/Chunithm2.0/Drivers/STM32F4xx_HAL_Driver/Src/stm32f4xx_ll_fmc.c:598:19:FMC_NAND_Init	20	static
C:/TouchGFXProjects/Chunithm2.0/Drivers/STM32F4xx_HAL_Driver/Src/stm32f4xx_ll_fmc.c:656:19:FMC_NAND_CommonSpace_Timing_Init	8	static
C:/TouchGFXProjects/Chunithm2.0/Drivers/STM32F4xx_HAL_Driver/Src/stm32f4xx_ll_fmc.c:707:19:FMC_NAND_AttributeSpace_Timing_Init	8	static
C:/TouchGFXProjects/Chunithm2.0/Drivers/STM32F4xx_HAL_Driver/Src/stm32f4xx_ll_fmc.c:756:19:FMC_NAND_DeInit	0	static
C:/TouchGFXProjects/Chunithm2.0/Drivers/STM32F4xx_HAL_Driver/Src/stm32f4xx_ll_fmc.c:824:19:FMC_NAND_ECC_Enable	0	static
C:/TouchGFXProjects/Chunithm2.0/Drivers/STM32F4xx_HAL_Driver/Src/stm32f4xx_ll_fmc.c:857:19:FMC_NAND_ECC_Disable	0	static
C:/TouchGFXProjects/Chunithm2.0/Drivers/STM32F4xx_HAL_Driver/Src/stm32f4xx_ll_fmc.c:891:19:FMC_NAND_GetECC	24	static
C:/TouchGFXProjects/Chunithm2.0/Drivers/STM32F4xx_HAL_Driver/Src/stm32f4xx_ll_fmc.c:992:19:FMC_PCCARD_Init	0	static
C:/TouchGFXProjects/Chunithm2.0/Drivers/STM32F4xx_HAL_Driver/Src/stm32f4xx_ll_fmc.c:1025:19:FMC_PCCARD_CommonSpace_Timing_Init	0	static
C:/TouchGFXProjects/Chunithm2.0/Drivers/STM32F4xx_HAL_Driver/Src/stm32f4xx_ll_fmc.c:1054:19:FMC_PCCARD_AttributeSpace_Timing_Init	0	static
C:/TouchGFXProjects/Chunithm2.0/Drivers/STM32F4xx_HAL_Driver/Src/stm32f4xx_ll_fmc.c:1083:19:FMC_PCCARD_IOSpace_Timing_Init	0	static
C:/TouchGFXProjects/Chunithm2.0/Drivers/STM32F4xx_HAL_Driver/Src/stm32f4xx_ll_fmc.c:1110:19:FMC_PCCARD_DeInit	0	static
C:/TouchGFXProjects/Chunithm2.0/Drivers/STM32F4xx_HAL_Driver/Src/stm32f4xx_ll_fmc.c:1181:19:FMC_SDRAM_Init	24	static
C:/TouchGFXProjects/Chunithm2.0/Drivers/STM32F4xx_HAL_Driver/Src/stm32f4xx_ll_fmc.c:1243:19:FMC_SDRAM_Timing_Init	20	static
C:/TouchGFXProjects/Chunithm2.0/Drivers/STM32F4xx_HAL_Driver/Src/stm32f4xx_ll_fmc.c:1295:19:FMC_SDRAM_DeInit	0	static
C:/TouchGFXProjects/Chunithm2.0/Drivers/STM32F4xx_HAL_Driver/Src/stm32f4xx_ll_fmc.c:1336:19:FMC_SDRAM_WriteProtection_Enable	0	static
C:/TouchGFXProjects/Chunithm2.0/Drivers/STM32F4xx_HAL_Driver/Src/stm32f4xx_ll_fmc.c:1353:19:FMC_SDRAM_WriteProtection_Disable	0	static
C:/TouchGFXProjects/Chunithm2.0/Drivers/STM32F4xx_HAL_Driver/Src/stm32f4xx_ll_fmc.c:1373:19:FMC_SDRAM_SendCommand	16	static
C:/TouchGFXProjects/Chunithm2.0/Drivers/STM32F4xx_HAL_Driver/Src/stm32f4xx_ll_fmc.c:1413:19:FMC_SDRAM_ProgramRefreshRate	0	static
C:/TouchGFXProjects/Chunithm2.0/Drivers/STM32F4xx_HAL_Driver/Src/stm32f4xx_ll_fmc.c:1431:19:FMC_SDRAM_SetAutoRefreshNumber	0	static
C:/TouchGFXProjects/Chunithm2.0/Drivers/STM32F4xx_HAL_Driver/Src/stm32f4xx_ll_fmc.c:1453:10:FMC_SDRAM_GetModeStatus	0	static
