../../Middlewares/ST/touchgfx/framework/include/touchgfx/Screen.hpp:104:18:virtual void touchgfx::Screen::afterTransition()	0	static
../../Middlewares/ST/touchgfx/framework/include/touchgfx/Screen.hpp:154:18:virtual void touchgfx::Screen::handleKeyEvent(uint8_t)	0	static
C:/TouchGFXProjects/Chunithm2.0/TouchGFX/gui/src/gameplay_screen/GameplayView.cpp:24:6:virtual void GameplayView::tearDownScreen()	0	static
C:/TouchGFXProjects/Chunithm2.0/TouchGFX/gui/src/gameplay_screen/GameplayView.cpp:76:6:virtual void GameplayView::tapLane1()	0	static
C:/TouchGFXProjects/Chunithm2.0/TouchGFX/gui/src/gameplay_screen/GameplayView.cpp:81:6:virtual void GameplayView::tapLane2()	0	static
../../TouchGFX/gui/include/gui/gameplay_screen/GameplayView.hpp:14:13:GameplayView::~GameplayView()	8	static
../../TouchGFX/gui/include/gui/gameplay_screen/GameplayView.hpp:14:13:virtual GameplayView::~GameplayView()	8	static
C:/TouchGFXProjects/Chunithm2.0/TouchGFX/gui/src/gameplay_screen/GameplayView.cpp:8:1:GameplayView::GameplayView()	32	static
C:/TouchGFXProjects/Chunithm2.0/TouchGFX/gui/src/gameplay_screen/GameplayView.cpp:123:1:cpp)	0	static
C:/TouchGFXProjects/Chunithm2.0/TouchGFX/gui/src/gameplay_screen/GameplayView.cpp:18:6:virtual void GameplayView::setupScreen()	8	static
C:/TouchGFXProjects/Chunithm2.0/TouchGFX/gui/src/gameplay_screen/GameplayView.cpp:96:6:void GameplayView::showHitFeedback(HitResult)	16	static
C:/TouchGFXProjects/Chunithm2.0/TouchGFX/gui/src/gameplay_screen/GameplayView.cpp:29:6:virtual void GameplayView::handleTickEvent()	16	static
C:/TouchGFXProjects/Chunithm2.0/TouchGFX/gui/src/gameplay_screen/GameplayView.cpp:116:6:void GameplayView::hideNote()	0	static
