../../Middlewares/ST/touchgfx/framework/include/touchgfx/Screen.hpp:104:18:virtual void touchgfx::Screen::afterTransition()	0	static
../../Middlewares/ST/touchgfx/framework/include/touchgfx/Screen.hpp:144:18:virtual void touchgfx::Screen::handleTickEvent()	0	static
../../Middlewares/ST/touchgfx/framework/include/touchgfx/Screen.hpp:154:18:virtual void touchgfx::Screen::handleKeyEvent(uint8_t)	0	static
C:/TouchGFXProjects/Chunithm2.0/TouchGFX/gui/src/result_screen/ResultView.cpp:14:6:virtual void ResultView::tearDownScreen()	0	static
../../TouchGFX/gui/include/gui/result_screen/ResultView.hpp:11:13:ResultView::~ResultView()	8	static
../../TouchGFX/gui/include/gui/result_screen/ResultView.hpp:11:13:virtual ResultView::~ResultView()	8	static
C:/TouchGFXProjects/Chunithm2.0/TouchGFX/gui/src/result_screen/ResultView.cpp:4:1:ResultView::ResultView()	8	static
C:/TouchGFXProjects/Chunithm2.0/TouchGFX/gui/src/result_screen/ResultView.cpp:9:6:virtual void ResultView::setupScreen()	0	static
C:/TouchGFXProjects/Chunithm2.0/TouchGFX/gui/src/result_screen/ResultView.cpp:19:6:void ResultView::setResults(int, int, int, int)	32	static
