../../TouchGFX/gui/include/gui/result_screen/ResultPresenter.hpp:28:13:ResultPresenter::~ResultPresenter()	0	static
C:/TouchGFXProjects/Chunithm2.0/TouchGFX/gui/src/result_screen/ResultPresenter.cpp:23:6:virtual void ResultPresenter::deactivate()	0	static
../../TouchGFX/gui/include/gui/result_screen/ResultPresenter.hpp:28:13:virtual ResultPresenter::~ResultPresenter()	8	static
C:/TouchGFXProjects/Chunithm2.0/TouchGFX/gui/src/result_screen/ResultPresenter.cpp:11:6:virtual void ResultPresenter::activate()	32	static
../../TouchGFX/gui/include/gui/result_screen/ResultPresenter.hpp:28:13:virtual void* ResultPresenter::_ZThn4_N15ResultPresenterD1Ev()	0	static
C:/TouchGFXProjects/Chunithm2.0/TouchGFX/gui/src/result_screen/ResultPresenter.cpp:5:1:ResultPresenter::ResultPresenter(ResultView&)	0	static
