../../Middlewares/ST/touchgfx/framework/include/touchgfx/Screen.hpp:104:18:virtual void touchgfx::Screen::afterTransition()	0	static
../../Middlewares/ST/touchgfx/framework/include/touchgfx/Screen.hpp:144:18:virtual void touchgfx::Screen::handleTickEvent()	0	static
../../Middlewares/ST/touchgfx/framework/include/touchgfx/Screen.hpp:154:18:virtual void touchgfx::Screen::handleKeyEvent(uint8_t)	0	static
C:/TouchGFXProjects/Chunithm2.0/TouchGFX/gui/src/songlist_screen/SongListView.cpp:13:6:virtual void SongListView::tearDownScreen()	0	static
C:/TouchGFXProjects/Chunithm2.0/TouchGFX/gui/src/songlist_screen/SongListView.cpp:18:6:virtual void SongListView::song1Clicked()	8	static
C:/TouchGFXProjects/Chunithm2.0/TouchGFX/gui/src/songlist_screen/SongListView.cpp:24:6:virtual void SongListView::song2Clicked()	8	static
C:/TouchGFXProjects/Chunithm2.0/TouchGFX/gui/src/songlist_screen/SongListView.cpp:30:6:virtual void SongListView::song3Clicked()	8	static
C:/TouchGFXProjects/Chunithm2.0/TouchGFX/gui/src/songlist_screen/SongListView.cpp:36:6:virtual void SongListView::song4Clicked()	8	static
../../TouchGFX/gui/include/gui/songlist_screen/SongListView.hpp:11:13:SongListView::~SongListView()	8	static
../../TouchGFX/gui/include/gui/songlist_screen/SongListView.hpp:11:13:virtual SongListView::~SongListView()	8	static
C:/TouchGFXProjects/Chunithm2.0/TouchGFX/gui/src/songlist_screen/SongListView.cpp:3:1:SongListView::SongListView()	8	static
C:/TouchGFXProjects/Chunithm2.0/TouchGFX/gui/src/songlist_screen/SongListView.cpp:8:6:virtual void SongListView::setupScreen()	0	static
