C:/TouchGFXProjects/Chunithm2.0/TouchGFX/generated/fonts/src/CompressedFontCache.cpp:28:13:uint8_t touchgfx::{anonymous}::NibReader::getNext()	0	static
C:/TouchGFXProjects/Chunithm2.0/TouchGFX/generated/fonts/src/CompressedFontCache.cpp:51:10:void touchgfx::{anonymous}::NibWriter::put(uint8_t)	0	static
C:/TouchGFXProjects/Chunithm2.0/TouchGFX/generated/fonts/src/CompressedFontCache.cpp:67:10:static uint8_t* touchgfx::CompressedFontCache::decompressGlyph(uint8_t*, const touchgfx::GlyphNode*, const uint8_t*)	40	static
C:/TouchGFXProjects/Chunithm2.0/TouchGFX/generated/fonts/src/CompressedFontCache.cpp:122:6:static void touchgfx::CompressedFontCache::clearCache()	8	static
C:/TouchGFXProjects/Chunithm2.0/TouchGFX/generated/fonts/src/CompressedFontCache.cpp:131:6:static void touchgfx::CompressedFontCache::unableToCache(const touchgfx::GlyphNode*, int)	0	static
C:/TouchGFXProjects/Chunithm2.0/TouchGFX/generated/fonts/src/CompressedFontCache.cpp:136:16:static const uint8_t* touchgfx::CompressedFontCache::hasCachedGlyph(const touchgfx::GlyphNode*)	0	static
C:/TouchGFXProjects/Chunithm2.0/TouchGFX/generated/fonts/src/CompressedFontCache.cpp:151:16:static const uint8_t* touchgfx::CompressedFontCache::cacheGlyph(const touchgfx::GlyphNode*, const uint8_t*)	32	static
