../../Middlewares/ST/touchgfx/framework/include/touchgfx/Application.hpp:72:18:virtual void touchgfx::Application::changeToStartScreen()	0	static
../../Middlewares/ST/touchgfx/framework/include/touchgfx/Application.hpp:91:18:virtual void touchgfx::Application::appSwitchScreen(uint8_t)	0	static
../../Middlewares/ST/touchgfx/framework/include/touchgfx/Application.hpp:104:18:virtual void touchgfx::Application::requestRedraw(touchgfx::Rect&)	0	static
../../Middlewares/ST/touchgfx/framework/include/touchgfx/transitions/Transition.hpp:72:18:virtual void touchgfx::Transition::tearDown()	0	static
../../Middlewares/ST/touchgfx/framework/include/touchgfx/transitions/Transition.hpp:80:18:virtual void touchgfx::Transition::init()	0	static
../../Middlewares/ST/touchgfx/framework/include/touchgfx/transitions/Transition.hpp:100:18:virtual void touchgfx::Transition::setScreenContainer(touchgfx::Container&)	0	static
../../Middlewares/ST/touchgfx/framework/include/mvp/MVPApplication.hpp:43:7:touchgfx::MVPApplication::~MVPApplication()	0	static
../../Middlewares/ST/touchgfx/framework/include/touchgfx/Callback.hpp:424:8:touchgfx::Callback<FrontendApplicationBase>::~Callback()	0	static
../../TouchGFX/generated/gui_generated/include/gui_generated/common/FrontendApplicationBase.hpp:16:13:FrontendApplicationBase::~FrontendApplicationBase()	0	static
../../TouchGFX/generated/gui_generated/include/gui_generated/common/FrontendApplicationBase.hpp:18:18:virtual void FrontendApplicationBase::changeToStartScreen()	0	static
../../Middlewares/ST/touchgfx/framework/include/touchgfx/transitions/NoTransition.hpp:35:18:virtual void touchgfx::NoTransition::handleTickEvent()	0	static
../../Middlewares/ST/touchgfx/framework/include/touchgfx/transitions/NoTransition.hpp:31:7:touchgfx::NoTransition::~NoTransition()	0	static
../../Middlewares/ST/touchgfx/framework/include/touchgfx/Callback.hpp:449:18:void touchgfx::Callback<dest_type, void, void, void>::execute() [with dest_type = FrontendApplicationBase]	4	static
../../Middlewares/ST/touchgfx/framework/include/touchgfx/Callback.hpp:459:18:bool touchgfx::Callback<dest_type, void, void, void>::isValid() const [with dest_type = FrontendApplicationBase]	0	static
../../Middlewares/ST/touchgfx/framework/include/touchgfx/transitions/NoTransition.hpp:31:7:virtual touchgfx::NoTransition::~NoTransition()	8	static
../../Middlewares/ST/touchgfx/framework/include/touchgfx/Callback.hpp:424:8:virtual touchgfx::Callback<FrontendApplicationBase>::~Callback()	8	static
../../Middlewares/ST/touchgfx/framework/include/mvp/MVPApplication.hpp:43:7:virtual touchgfx::MVPApplication::~MVPApplication()	8	static
../../TouchGFX/generated/gui_generated/include/gui_generated/common/FrontendApplicationBase.hpp:16:13:virtual FrontendApplicationBase::~FrontendApplicationBase()	8	static
../../Middlewares/ST/touchgfx/framework/include/touchgfx/transitions/Transition.hpp:89:18:virtual void touchgfx::Transition::invalidate()	8	static
../../Middlewares/ST/touchgfx/framework/include/mvp/MVPApplication.hpp:59:18:virtual void touchgfx::MVPApplication::handlePendingScreenTransition()	8	static
../../Middlewares/ST/touchgfx/framework/include/touchgfx/hal/HAL.hpp:308:17:static touchgfx::LCD& touchgfx::HAL::lcd()	0	static
C:/TouchGFXProjects/Chunithm2.0/TouchGFX/generated/gui_generated/src/common/FrontendApplicationBase.cpp:23:1:FrontendApplicationBase::FrontendApplicationBase(Model&, FrontendHeap&)	24	static
C:/TouchGFXProjects/Chunithm2.0/TouchGFX/generated/gui_generated/src/common/FrontendApplicationBase.cpp:42:6:void FrontendApplicationBase::gotoHomeScreenNoTransition()	0	static
C:/TouchGFXProjects/Chunithm2.0/TouchGFX/generated/gui_generated/src/common/FrontendApplicationBase.cpp:55:6:void FrontendApplicationBase::gotoSongListScreenNoTransition()	0	static
C:/TouchGFXProjects/Chunithm2.0/TouchGFX/generated/gui_generated/src/common/FrontendApplicationBase.cpp:68:6:void FrontendApplicationBase::gotoGameplayScreenNoTransition()	0	static
C:/TouchGFXProjects/Chunithm2.0/TouchGFX/generated/gui_generated/src/common/FrontendApplicationBase.cpp:81:6:void FrontendApplicationBase::gotoResultScreenNoTransition()	0	static
../../Middlewares/ST/touchgfx/framework/include/common/AbstractPartition.hpp:135:8:T& touchgfx::AbstractPartition::at(uint16_t) [with T = touchgfx::NoTransition]	0	static
C:/TouchGFXProjects/Chunithm2.0/TouchGFX/generated/gui_generated/src/common/FrontendApplicationBase.cpp:87:6:void FrontendApplicationBase::gotoResultScreenNoTransitionImpl()	40	static
C:/TouchGFXProjects/Chunithm2.0/TouchGFX/generated/gui_generated/src/common/FrontendApplicationBase.cpp:74:6:void FrontendApplicationBase::gotoGameplayScreenNoTransitionImpl()	40	static
C:/TouchGFXProjects/Chunithm2.0/TouchGFX/generated/gui_generated/src/common/FrontendApplicationBase.cpp:61:6:void FrontendApplicationBase::gotoSongListScreenNoTransitionImpl()	40	static
C:/TouchGFXProjects/Chunithm2.0/TouchGFX/generated/gui_generated/src/common/FrontendApplicationBase.cpp:48:6:void FrontendApplicationBase::gotoHomeScreenNoTransitionImpl()	40	static
